ESP-ROM:esp32c6-20220919
Build:Sep 19 2022
rst:0x15 (USB_UART_HPSYS),boot:0x6f (SPI_FAST_FLASH_BOOT)
Saved PC:0x40808998
SPIWP:0xee
mode:DIO, clock div:2
load:0x40875730,len:0xf4
load:0x4086b910,len:0x9f8
load:0x4086e610,len:0x2694
entry 0x4086b910
WIFI_BENCH_START	variant=30	cooldown_ms=0
cycle=1 init_to_release_ms=3410 result=OK
WIFI_CYCLE	variant=30	cycle=1	init_to_release_ms=3410
cycle=2 init_to_release_ms=3369 result=OK
WIFI_CYCLE	variant=30	cycle=2	init_to_release_ms=3369
cycle=3 init_to_release_ms=3419 result=OK
WIFI_CYCLE	variant=30	cycle=3	init_to_release_ms=3419
cycle=4 init_to_release_ms=3389 result=OK
WIFI_CYCLE	variant=30	cycle=4	init_to_release_ms=3389
cycle=5 init_to_release_ms=3359 result=OK
WIFI_CYCLE	variant=30	cycle=5	init_to_release_ms=3359
cycle=6 init_to_release_ms=3349 result=OK
WIFI_CYCLE	variant=30	cycle=6	init_to_release_ms=3349
cycle=7 init_to_release_ms=3339 result=OK
WIFI_CYCLE	variant=30	cycle=7	init_to_release_ms=3339
cycle=8 init_to_release_ms=3319 result=OK
WIFI_CYCLE	variant=30	cycle=8	init_to_release_ms=3319
cycle=9 init_to_release_ms=3379 result=OK
WIFI_CYCLE	variant=30	cycle=9	init_to_release_ms=3379
cycle=10 init_to_release_ms=3439 result=OK
WIFI_CYCLE	variant=30	cycle=10	init_to_release_ms=3439
WIFI_SUMMARY	variant=30	completed=10	min=3319	median=3374	max=3439
raw=3410,3369,3419,3389,3359,3349,3339,3319,3379,3439
min=3319
median=3374
max=3439
completed=10
WIFI_RAW	variant=30	cycle=1	init_to_release_ms=3410
WIFI_RAW	variant=30	cycle=2	init_to_release_ms=3369
WIFI_RAW	variant=30	cycle=3	init_to_release_ms=3419
WIFI_RAW	variant=30	cycle=4	init_to_release_ms=3389
WIFI_RAW	variant=30	cycle=5	init_to_release_ms=3359
WIFI_RAW	variant=30	cycle=6	init_to_release_ms=3349
WIFI_RAW	variant=30	cycle=7	init_to_release_ms=3339
WIFI_RAW	variant=30	cycle=8	init_to_release_ms=3319
WIFI_RAW	variant=30	cycle=9	init_to_release_ms=3379
WIFI_RAW	variant=30	cycle=10	init_to_release_ms=3439
