ESP-ROM:esp32c6-20220919
Build:Sep 19 2022
rst:0x15 (USB_UART_HPSYS),boot:0x6f (SPI_FAST_FLASH_BOOT)
Saved PC:0x40802414
SPIWP:0xee
mode:DIO, clock div:2
load:0x40875730,len:0xf4
load:0x4086b910,len:0x9f8
load:0x4086e610,len:0x2694
entry 0x4086b910
WIFI_BENCH_START	variant=40	cooldown_ms=0
cycle=1 init_to_release_ms=3705 result=OK
WIFI_CYCLE	variant=40	cycle=1	init_to_release_ms=3705
cycle=2 init_to_release_ms=3579 result=OK
WIFI_CYCLE	variant=40	cycle=2	init_to_release_ms=3579
cycle=3 init_to_release_ms=3499 result=OK
WIFI_CYCLE	variant=40	cycle=3	init_to_release_ms=3499
cycle=4 init_to_release_ms=3489 result=OK
WIFI_CYCLE	variant=40	cycle=4	init_to_release_ms=3489
cycle=5 init_to_release_ms=3769 result=OK
WIFI_CYCLE	variant=40	cycle=5	init_to_release_ms=3769
cycle=6 init_to_release_ms=3599 result=OK
WIFI_CYCLE	variant=40	cycle=6	init_to_release_ms=3599
cycle=7 init_to_release_ms=3779 result=OK
WIFI_CYCLE	variant=40	cycle=7	init_to_release_ms=3779
cycle=8 init_to_release_ms=3489 result=OK
WIFI_CYCLE	variant=40	cycle=8	init_to_release_ms=3489
cycle=9 init_to_release_ms=3779 result=OK
WIFI_CYCLE	variant=40	cycle=9	init_to_release_ms=3779
cycle=10 init_to_release_ms=3579 result=OK
WIFI_CYCLE	variant=40	cycle=10	init_to_release_ms=3579
WIFI_SUMMARY	variant=40	completed=10	min=3489	median=3589	max=3779
raw=3705,3579,3499,3489,3769,3599,3779,3489,3779,3579
min=3489
median=3589
max=3779
completed=10
WIFI_RAW	variant=40	cycle=1	init_to_release_ms=3705
WIFI_RAW	variant=40	cycle=2	init_to_release_ms=3579
WIFI_RAW	variant=40	cycle=3	init_to_release_ms=3499
WIFI_RAW	variant=40	cycle=4	init_to_release_ms=3489
WIFI_RAW	variant=40	cycle=5	init_to_release_ms=3769
WIFI_RAW	variant=40	cycle=6	init_to_release_ms=3599
WIFI_RAW	variant=40	cycle=7	init_to_release_ms=3779
WIFI_RAW	variant=40	cycle=8	init_to_release_ms=3489
WIFI_RAW	variant=40	cycle=9	init_to_release_ms=3779
WIFI_RAW	variant=40	cycle=10	init_to_release_ms=3579
